// Jest Snapshot v1, https://goo.gl/fbAQLP

exports[`<Button/> should render an icon 1`] = `
.c0 {
  background-color: transparent;
  border: 0;
  border-radius: 0.25rem;
  box-shadow: none;
  font-size: 0.75rem;
  font-weight: 500;
  color: #FFFFFF;
  text-transform: uppercase;
  display: -webkit-box;
  display: -webkit-flex;
  display: -ms-flexbox;
  display: flex;
  -webkit-align-items: center;
  -webkit-box-align: center;
  -ms-flex-align: center;
  align-items: center;
  -webkit-box-pack: center;
  -webkit-justify-content: center;
  -ms-flex-pack: center;
  justify-content: center;
  gap: 0.5rem;
}

.c0:hover,
.c0:focus {
  outline: 2px solid #FE5873;
  outline-offset: 0.125rem;
}

<body>
  <div>
    <button
      class="c0"
    >
      Theme
      <svg
        data-testid="icon"
        fill="currentColor"
        height="18"
        viewBox="0 0 256 256"
        width="18"
        xmlns="http://www.w3.org/2000/svg"
      >
        <rect
          fill="none"
          height="256"
          width="256"
        />
        <circle
          cx="128"
          cy="128"
          fill="none"
          r="60"
          stroke="currentColor"
          stroke-linecap="round"
          stroke-linejoin="round"
          stroke-width="16"
        />
        <line
          fill="none"
          stroke="currentColor"
          stroke-linecap="round"
          stroke-linejoin="round"
          stroke-width="16"
          x1="128"
          x2="128"
          y1="36"
          y2="28"
        />
        <line
          fill="none"
          stroke="currentColor"
          stroke-linecap="round"
          stroke-linejoin="round"
          stroke-width="16"
          x1="62.9"
          x2="57.3"
          y1="62.9"
          y2="57.3"
        />
        <line
          fill="none"
          stroke="currentColor"
          stroke-linecap="round"
          stroke-linejoin="round"
          stroke-width="16"
          x1="36"
          x2="28"
          y1="128"
          y2="128"
        />
        <line
          fill="none"
          stroke="currentColor"
          stroke-linecap="round"
          stroke-linejoin="round"
          stroke-width="16"
          x1="62.9"
          x2="57.3"
          y1="193.1"
          y2="198.7"
        />
        <line
          fill="none"
          stroke="currentColor"
          stroke-linecap="round"
          stroke-linejoin="round"
          stroke-width="16"
          x1="128"
          x2="128"
          y1="220"
          y2="228"
        />
        <line
          fill="none"
          stroke="currentColor"
          stroke-linecap="round"
          stroke-linejoin="round"
          stroke-width="16"
          x1="193.1"
          x2="198.7"
          y1="193.1"
          y2="198.7"
        />
        <line
          fill="none"
          stroke="currentColor"
          stroke-linecap="round"
          stroke-linejoin="round"
          stroke-width="16"
          x1="220"
          x2="228"
          y1="128"
          y2="128"
        />
        <line
          fill="none"
          stroke="currentColor"
          stroke-linecap="round"
          stroke-linejoin="round"
          stroke-width="16"
          x1="193.1"
          x2="198.7"
          y1="62.9"
          y2="57.3"
        />
      </svg>
    </button>
  </div>
</body>
`;
